// Jest Snapshot v1, https://goo.gl/fbAQLP

exports[`fixture:env env 1`] = `
"// index.ts
var isNativeRemapping = () => {
  return \\"false\\";
};
export {
  isNativeRemapping
};
"
`;
