// Jest Snapshot v1, https://goo.gl/fbAQLP

exports[`fixture:minify when \`minify\` is \`terser\` 1`] = `
"// index.ts
var this_is_a_long_function_name3 = () => {
};
console.log(this_is_a_long_function_name3);
"
`;
