// Jest Snapshot v1, https://goo.gl/fbAQLP

exports[`fixture:plugin:babel plugin:babel 1`] = `
"\\"use strict\\";

// index.ts
var value = 1;
console.log(value);
"
`;
