// Jest Snapshot v1, https://goo.gl/fbAQLP

exports[`fixture:less prependData 1`] = `
"/* basic.less */
.a {
  color: #c6538c;
}
"
`;
