// Jest Snapshot v1, https://goo.gl/fbAQLP

exports[`fixture:splitting esm 1`] = `
"// index.ts
import(\\"./dynamic.js\\").then((value) => {
  console.log(value);
});
"
`;

exports[`fixture:splitting esm 2`] = `
"// dynamic.ts
function foo() {
  console.log(1);
}
export {
  foo
};
"
`;
