// Jest Snapshot v1, https://goo.gl/fbAQLP

exports[`fixture:assets bundle default, copy asset 1`] = `
"// index.ts
import svg from \\"./assets/logo.PGX3QVVN.svg\\";
console.log(svg);
"
`;
