// Jest Snapshot v1, https://goo.gl/fbAQLP

exports[`fixture:format:iife format iife 1`] = `
"(() => {
  function a() {
    console.log(1);
  }
})();
"
`;

exports[`fixture:format:iife format iife 2`] = `
"(() => {
  function a() {
    console.log(1);
  }
})();
"
`;
