// Jest Snapshot v1, https://goo.gl/fbAQLP

exports[`fixture:target 2015 1`] = `
"var __async = (__this, __arguments, generator) => {
  return new Promise((resolve, reject) => {
    var fulfilled = (value) => {
      try {
        step(generator.next(value));
      } catch (e) {
        reject(e);
      }
    };
    var rejected = (value) => {
      try {
        step(generator.throw(value));
      } catch (e) {
        reject(e);
      }
    };
    var step = (x) => x.done ? resolve(x.value) : Promise.resolve(x.value).then(fulfilled, rejected);
    step((generator = generator.apply(__this, __arguments)).next());
  });
};

// index.ts
function answer() {
  return __async(this, null, function* () {
    return 42;
  });
}
export {
  answer
};
"
`;

exports[`fixture:target 2017 1`] = `
"// index.ts
async function answer() {
  return 42;
}
export {
  answer
};
"
`;
